C251 COMPILER V5.60.0,  data                                                               17/07/23  21:33:49  PAGE 1   


C251 COMPILER V5.60.0, COMPILATION OF MODULE data
OBJECT MODULE PLACED IN .\Out_File\data.obj
COMPILER INVOKED BY: D:\Program files\Keil251\C251\BIN\C251.EXE ..\CODE\data.c LARGE INTR2 WARNINGLEVEL(3) OPTIMIZE(0,SP
                    -EED) BROWSE INCDIR(..\..\Libraries\libraries;..\..\Libraries\seekfree_libraries;..\..\Libraries\seekfree_peripheral;..\C
                    -ODE;..\USER\inc;..\USER\src) DEBUG PRINT(.\Out_File\data.lst) TABS(2) OBJECT(.\Out_File\data.obj) 

stmt  level    source

    1          #include "data.h"
    2          
    3          uint16 t = 0;
    4          int16 PO_or_OBSTACLE[5] = {0, 1, -1, -1, -1}; //-1为无元素，0为坡道，1为避障
    5          int16 HO_cnt = 0;      //坡道避障计数
    6          
    7          int16 RingR[5] = {0, -1, -1, -1, -1};   //圆环顺序，0为小环，1为中环，2为大环，左发为顺序
    8          int16 Ring_cnt = 0;     //环岛计数
    9          
   10          int16 ring_set_k[4] = {18, 0, 0, 0};     //小中大环打角误差，0为小环，1为中环，2为大环
   11          
   12          // int16 element_cnt = 0;//元素计数，是PO_or_Obstacle[]的下标
   13          
   14          int16 Ring_Dis1[4] = {0,0,0,0};     //存放大中小环dia1积分距离数据，0为小环，1为中环，2为大环
   15          int16 Ring_Dis2[4] = {0,0,0,0};     //存放大中小环dis2积分距离数据，0为小环，1为中环，2为大环
   16          
   17          
   18          
   19          uint16 sp_ready = 1;
   20          
   21          int16 mag;
   22          int16 sp_check = 0;
   23          uint16 check_flag = 0;
   24          
   25          int16 speedL;
   26          int16 speedR;
   27          int8 irs_count = 0;
   28          float k;
   29          int32 adc_data[10];
   30          uint16 adc_d[10];  //实时
   31          float Adc_gui[10]; //归一化
   32          uint16 AD_value[10];
   33          int16 test1;
   34          
   35          int32 all_distance = 0;
   36          
   37          float test2;
   38          
   39          float all_angle = 0;
   40          float gyro_add = 0;
   41          
   42          char str_item[100];       //参数名
   43          int str_num;              //参数值
   44          char uart_str[100] = {0}; //串口字符串
   45          int8 finish_flag = 0;
   46          uint16 Gui_flag = 0;
   47          int8 start_flag = 0;
   48          
   49          uint8 Rcon_flag = 0;
   50          uint8 Ocon_flag = 1;
   51          uint8 protect_flag = 1;
   52          
   53          float P_LR = 63.18;
   54          float I_LR = 50.1;
   55          uint8 puodao = 0;
   56          float P_S = 68.27;
   57          
C251 COMPILER V5.60.0,  data                                                               17/07/23  21:33:49  PAGE 2   

   58          float P_S_MAX = 77.0;
   59          float D_S = -24.19;
   60          float D_S_z = -33;
   61          float G_S = -0.198;
   62          float G_S_1 = -0.17;
   63          float G_S_zhi = -0.151;
   64          
   65          float P_W = 1.83;
   66          float D_W = 0.86;
   67          
   68          float aimed_angle = 0;
   69          
   70          float gyro;  //滤波后陀螺仪z轴角速度
   71          float gyro1; //滤波后陀螺仪z轴角速度
   72          
   73          int16 dis1 = 2000;
   74          int16 dis2 = 10000;
   75          int16 ring_angle = 1600;
   76          
   77          int16 wSet;
   78          float gyro;
   79          int16 sp_set = 0;
   80          int16 sp_set_max = 200;
   81          
   82          int16 aimed_into_speed = 60; //倒车速度
   83          float into_R = 0.25;
   84          //倒车转弯半径(m)
   85          int16 ku_distance = 1500;
   86          
   87          int8 obstacle_count = 0;
   88          int16 tof_dis = 850;
   89          // int16 tof_dis1 = 7950;
   90          int16 tof_dis1 = 7300;
   91          int16 tof_dis2 = 6650;
   92          int16 tof_dis3 = 6000;
   93          
   94          int16 fanL = 0;
   95          int16 fanR = 0;
   96          
   97          uint8 start_diration = 1;//0左  1右
   98          
   99          int16 tof_distance = 0;
  100          
  101          //按键
  102          int8 keys = 0;
  103          uint8 SINGLE_CLICK = 0;
  104          uint8 DOUBLE_CLICK = 1;
  105          int16 strm = -1;
  106          //拨码开关
  107          uint8 R_or_L = 0;
  108          
  109          uint32 time_count = 0;
  110          uint16 mode = 0;
  111          
  112          uint32 encoder_count = 0;
  113          int16 speed3 = 0;
  114          
  115          
  116          
  117          


Module Information          Static   Overlayable
------------------------------------------------
  code size            =    ------     ------
  ecode size           =    ------     ------
  data size            =    ------     ------
C251 COMPILER V5.60.0,  data                                                               17/07/23  21:33:49  PAGE 3   

  idata size           =    ------     ------
  pdata size           =    ------     ------
  xdata size           =       525     ------
  xdata-const size     =    ------     ------
  edata size           =    ------     ------
  bit size             =    ------     ------
  ebit size            =    ------     ------
  bitaddressable size  =    ------     ------
  ebitaddressable size =    ------     ------
  far data size        =    ------     ------
  huge data size       =    ------     ------
  const size           =    ------     ------
  hconst size          =       582     ------
End of Module Information.


C251 COMPILATION COMPLETE.  0 WARNING(S),  0 ERROR(S)
